<?xml version='1.0' encoding='utf-8'?>
<testsuites tests="8" failures="0" errors="0" skipped="0" time="53.212"><testsuite name="Root Suite" timestamp="2023-11-22T11:18:20" tests="0" file="cypress/e2e/mobile/purchaseFlow.cy.js" time="0" failures="0" errors="0" skipped="0">
  </testsuite>
  <testsuite name="mobile purchase" timestamp="2023-11-22T11:18:20" tests="1" time="13.825" failures="0" errors="0" skipped="0">
    <testcase name="mobile purchase open product page and add to cart and go to checkout" time="13.825" classname="open product page and add to cart and go to checkout">
    </testcase>
  </testsuite>
<testsuite name="Root Suite" timestamp="2023-11-22T11:17:34" tests="0" file="cypress/e2e/browsingFlow.cy.js" time="0" failures="0" errors="0" skipped="0">
  </testsuite>
  <testsuite name="open homepage, PLP, search for item" timestamp="2023-11-22T11:17:34" tests="3" time="14.412" failures="0" errors="0" skipped="0">
    <testcase name="open homepage, PLP, search for item open category page and get the list of categories" time="6.221" classname="open category page and get the list of categories">
    </testcase>
    <testcase name="open homepage, PLP, search for item check if search works and return results" time="5.889" classname="check if search works and return results">
    </testcase>
    <testcase name="open homepage, PLP, search for item open product page and get the list of salongs" time="2.302" classname="open product page and get the list of salongs">
    </testcase>
  </testsuite>
<testsuite name="Root Suite" timestamp="2023-11-22T11:18:05" tests="0" file="cypress/e2e/mobile/browsingFlow.cy.js" time="0" failures="0" errors="0" skipped="0">
  </testsuite>
  <testsuite name="mobile browsing" timestamp="2023-11-22T11:18:05" tests="3" time="12.275" failures="0" errors="0" skipped="0">
    <testcase name="mobile browsing open category page and get the list of categories" time="5.454" classname="open category page and get the list of categories">
    </testcase>
    <testcase name="mobile browsing check if search works and return results" time="4.672" classname="check if search works and return results">
    </testcase>
    <testcase name="mobile browsing open product page and get the list of salongs" time="2.149" classname="open product page and get the list of salongs">
    </testcase>
  </testsuite>
<testsuite name="Root Suite" timestamp="2023-11-22T11:17:51" tests="0" file="cypress/e2e/purchaseFlow.cy.js" time="0" failures="0" errors="0" skipped="0">
  </testsuite>
  <testsuite name="open homepage, PDP, add to cart and go to checkout" timestamp="2023-11-22T11:17:51" tests="1" time="12.7" failures="0" errors="0" skipped="0">
    <testcase name="open homepage, PDP, add to cart and go to checkout C201661 open product page and add to cart and go to checkout" time="12.700" classname="C201661 open product page and add to cart and go to checkout">
    </testcase>
  </testsuite>
</testsuites>